* using log directory 'C:/Users/rache/OneDrive/Documenten/DateTime/DateTime.Rcheck'
* using R version 4.4.0 (2024-04-24 ucrt)
* using platform: x86_64-w64-mingw32
* R was compiled by
    gcc.exe (GCC) 13.2.0
    GNU Fortran (GCC) 13.2.0
* running under: Windows 11 x64 (build 22631)
* using session charset: UTF-8
* checking for file 'DateTime/DESCRIPTION' ... OK
* this is package 'DateTime' version '0.0.0.9000'
* package encoding: UTF-8
* checking package namespace information ... OK
* checking package dependencies ... OK
* checking if this is a source package ... OK
* checking if there is a namespace ... OK
* checking for executable files ... OK
* checking for hidden files and directories ... OK
* checking for portable file names ... OK
* checking whether package 'DateTime' can be installed ... ERROR
Installation failed.
See 'C:/Users/rache/OneDrive/Documenten/DateTime/DateTime.Rcheck/00install.out' for details.
* DONE
Status: 1 ERROR
